

 ===================================================== 
k = 18, complete n = 10
Star built
1
2
3
4
5
6
7
8
9
Found 9 drawings in total.
Found 9 drawings in total.
Found 9 unique drawings in total.
Minimal Crossing Number is 1061109567
Drawing-0 has 180 isomorphic drawings
Drawing-1 has 180 isomorphic drawings
Drawing-2 has 180 isomorphic drawings
Drawing-3 has 180 isomorphic drawings
Drawing-4 has 180 isomorphic drawings
Drawing-5 has 180 isomorphic drawings
Drawing-6 has 180 isomorphic drawings
Drawing-7 has 180 isomorphic drawings
Drawing-8 has 18 isomorphic drawings
